{
    "palom - tiff - stub": {
        "content": [
            {
                "0": [
                    [
                        {
                            "id": "test"
                        },
                        "test.ome.tif:md5,d41d8cd98f00b204e9800998ecf8427e"
                    ]
                ],
                "1": [
                    "versions.yml:md5,d157b6c8b22f7304d0a7b3a5b790c85d"
                ],
                "registered_image": [
                    [
                        {
                            "id": "test"
                        },
                        "test.ome.tif:md5,d41d8cd98f00b204e9800998ecf8427e"
                    ]
                ],
                "versions": [
                    "versions.yml:md5,d157b6c8b22f7304d0a7b3a5b790c85d"
                ]
            }
        ],
        "meta": {
            "nf-test": "0.9.2",
            "nextflow": "24.10.2"
        },
        "timestamp": "2024-12-05T12:53:20.18598769"
    },
    "palom - tiff": {
        "content": [
            {
                "0": [
                    [
                        {
                            "id": "test"
                        },
                        "test.ome.tif:md5,c714732451d3cc6113b3f0717574c8a3"
                    ]
                ],
                "1": [
                    "versions.yml:md5,d157b6c8b22f7304d0a7b3a5b790c85d"
                ],
                "registered_image": [
                    [
                        {
                            "id": "test"
                        },
                        "test.ome.tif:md5,c714732451d3cc6113b3f0717574c8a3"
                    ]
                ],
                "versions": [
                    "versions.yml:md5,d157b6c8b22f7304d0a7b3a5b790c85d"
                ]
            }
        ],
        "meta": {
            "nf-test": "0.9.2",
            "nextflow": "24.10.2"
        },
        "timestamp": "2024-12-05T12:54:49.087926853"
    }
}