{
    "basicpy - OME-TIFF": {
        "content": [
            {
                "0": [
                    [
                        {
                            "id": "test"
                        },
                        "cycif-tonsil-cycle1.ome-dfp.tiff:md5,ed8e02bbd04d694ff5a5f289f48f97ab"
                    ]
                ],
                "1": [
                    [
                        {
                            "id": "test"
                        },
                        "cycif-tonsil-cycle1.ome-ffp.tiff:md5,e1a1a2398ef5b76110db6114541f7511"
                    ]
                ],
                "2": [
                    "versions.yml:md5,1391fd5a5745a20016f9824467273113"
                ],
                "dfp": [
                    [
                        {
                            "id": "test"
                        },
                        "cycif-tonsil-cycle1.ome-dfp.tiff:md5,ed8e02bbd04d694ff5a5f289f48f97ab"
                    ]
                ],
                "ffp": [
                    [
                        {
                            "id": "test"
                        },
                        "cycif-tonsil-cycle1.ome-ffp.tiff:md5,e1a1a2398ef5b76110db6114541f7511"
                    ]
                ],
                "versions": [
                    "versions.yml:md5,1391fd5a5745a20016f9824467273113"
                ]
            }
        ],
        "meta": {
            "nf-test": "0.9.2",
            "nextflow": "24.10.5"
        },
        "timestamp": "2025-03-11T14:56:34.908774735"
    },
    "basicpy - OME-TIFF - stub": {
        "content": [
            {
                "0": [
                    [
                        {
                            "id": "test"
                        },
                        "test.-dfp.tiff:md5,d41d8cd98f00b204e9800998ecf8427e"
                    ]
                ],
                "1": [
                    [
                        {
                            "id": "test"
                        },
                        "test.-ffp.tiff:md5,d41d8cd98f00b204e9800998ecf8427e"
                    ]
                ],
                "2": [
                    "versions.yml:md5,1391fd5a5745a20016f9824467273113"
                ],
                "dfp": [
                    [
                        {
                            "id": "test"
                        },
                        "test.-dfp.tiff:md5,d41d8cd98f00b204e9800998ecf8427e"
                    ]
                ],
                "ffp": [
                    [
                        {
                            "id": "test"
                        },
                        "test.-ffp.tiff:md5,d41d8cd98f00b204e9800998ecf8427e"
                    ]
                ],
                "versions": [
                    "versions.yml:md5,1391fd5a5745a20016f9824467273113"
                ]
            }
        ],
        "meta": {
            "nf-test": "0.9.2",
            "nextflow": "24.10.5"
        },
        "timestamp": "2025-03-11T14:56:44.208326285"
    }
}